// Jest Snapshot v1, https://goo.gl/fbAQLP

exports[`Footer correctly renders 1`] = `
<footer
  className="page-footer"
>
  <Link
    className="logo logo--light"
    to="/"
  >
    WTW
  </Link>
  <div
    className="copyright"
  >
    Â© 2020 What to watch Ltd.
  </div>
</footer>
`;
